error TS5058: The specified path does not exist: 'tsconfig.workspace.json'.
